// Vitest Snapshot v1

exports[`matches snapshot 1`] = `
{
  "foo": Set {
    "bar",
    "snapshot",
  },
}
`;
